// Jest Snapshot v1, https://goo.gl/fbAQLP

exports[`renders homepage unchanged 1`] = `
<div>
  <div
    class="container"
  >
    <header
      class="header"
    >
      <a
        href="/"
      >
        <img
          alt=""
          class="borderCircle"
          data-nimg="1"
          decoding="async"
          height="108"
          src="/_next/image?url=%2Fimages%2Fprofile.jpeg&w=256&q=75"
          srcset="/_next/image?url=%2Fimages%2Fprofile.jpeg&w=128&q=75 1x, /_next/image?url=%2Fimages%2Fprofile.jpeg&w=256&q=75 2x"
          style="color: transparent;"
          width="108"
        />
      </a>
      <h2
        class="headingLg"
      >
        <a
          class="colorInherit"
          href="/"
        >
          Your Name
        </a>
      </h2>
    </header>
    <main>
      <h1>
        First Post
      </h1>
      <h2>
        <a
          href="/"
        >
          ← Back to home
        </a>
      </h2>
    </main>
    <div
      class="backToHome"
    >
      <a
        href="/"
      >
        ← Back to home
      </a>
    </div>
  </div>
</div>
`;
